["array",[[["base.type",["array"]]],null,[]],false]