[
    "array",
    [
        [
            ["base.type", ["array"]],
            ["array.maxItems", [3]]
        ],
        [
            "number",
            [
                ["base.type", ["number"]],
                ["custom.one", [1]],
                ["custom.two", [2]],
                ["custom.three", [3]]
            ],
            false
        ],
        [
            ["custom.one", [[1]]],
            ["custom.two", [[2]]],
            ["custom.three", [[3]]]
        ]
    ],
    false
]
