["array",[[["base.type",["array"]]],["string",[["base.type",["string"]]],false],[]],true]