["array",[[["base.type",["array"]],["array.maxItems",[3]]],["number",[["base.cast",[false]],["base.type",["number"]]],false],[]],false]