[
    "array",
    [
        [["base.type", ["array"]]],
        [
            "number",
            [
                ["base.type", ["number"]],
                ["numberify", []]
            ],
            false
        ],
        [["arrayify", []]]
    ],
    false
]
