["array",[[["base.type",["array"]]],["string",[["base.type",["string"]]],true],[]],false]