[
    "boolean",
    [
        ["base.type", ["boolean"]],
        ["booleanify", []]
    ],
    false
]
