[
    "boolean",
    [
        ["boolean.cast", [true]],
        ["base.const", [false]],
        ["base.type", ["boolean"]],
        ["base.enum", [[false]]]
    ],
    false
]
