[
    "boolean",
    [
        ["base.default", [true]],
        ["boolean.cast", [true]],
        ["base.const", [false]],
        ["base.type", ["boolean"]]
    ],
    false
]
