["boolean",[["base.default",[true]],["boolean.cast",[true]],["base.type",["boolean"]],["base.enum",[[false]]]],false]