["boolean",[["base.default",[true]],["boolean.cast",[true]],["base.const",[false]],["base.enum",[[false]]]],false]