["boolean",[["base.cast",[false]],["base.const",[false]],["base.type",["boolean"]]],false]