base.optional(base.and(base.type("array"),array.map(base.type("string"))))