["object",[[["base.type",["object"]]],{"name":["string",[["base.type",["string"]]],true],"id":["number",[["base.type",["number"]]],false]},["string",[["base.type",["string"]]],false],[]],false]