["object",[[["base.type",["object"]]],{"id":["number",[["base.type",["number"]]],false]},["string",[["base.type",["string"]]],false],[]],true]