["object",[[["base.type",["object"]]],{},["boolean",[["base.type",["boolean"]]],false],[]],false]