["object",[[["base.type",["object"]]],{"active":["boolean",[["base.type",["boolean"]]],false],"name":["string",[["base.type",["string"]]],false],"id":["number",[["test"]],false]},null,[]],false]
