["string",[["base.default",[":)"]],["string.cast",[true]],["base.const",[":("]],["base.type",["string"]],["base.enum",[[":)",":(",">:("]]],["string.minLength",[3]],["string.maxLength",[2]],["string.pattern",["/[:(>(]/"]],["string.lowerCase",[true]],["string.upperCase",[true]]],false]