[
    "string",
    [
        ["base.default", [":)"]],
        ["base.cast", ["string"]],
        ["base.const", [":("]],
        ["base.type", ["string"]],
        ["base.enum", [[":)", ":(", ">:("]]],
        ["string.minLength", [3]],
        ["string.pattern", ["/[:(>(]/"]],
        ["string.trim", []],
        ["string.lowerCase", []],
        ["string.upperCase", []]
    ],
    false
]
