["string",[["base.default",[":)"]],["base.cast",["string"]],["base.const",[":("]],["base.type",["string"]],["string.minLength",[3]],["string.maxLength",[2]],["string.pattern",["/[:(>(]/"]],["string.trim",[]],["string.lowerCase",[]],["string.upperCase",[]]],false]