[
    "string",
    [
        ["base.type", ["string"]],
        ["stringify", []]
    ],
    false
]
