[
    "string",
    [
        ["base.default", [":)"]],
        ["base.type", ["string"]]
    ],
    false
]
