base.and(base.and(base.and(base.type("boolean"),custom.one(1)),custom.two(2)),custom.three(3))