[
    "number",
    [
        ["base.type", ["number"]],
        ["numberify", []]
    ],
    false
]
