["number",[["base.default",[2]],["base.cast",["number"]],["base.const",[1]],["base.type",["number"]],["base.enum",[[1,2,3]]],["number.min",[1]]],false]